nohup: ignoring input
Starting Weather Service (Retry logic: 3 times / 1min)...
[2026-05-07 15:18:01.726924] Weather updated: 2026-05-07T15:00:00+09:00
Next update at 16:01:00 (Wait 2578s)
Starting Weather Service (Runs at 10 minutes past the hour)...
[2026-05-08 17:20:48.838577] Weather updated: 2026-05-08T17:00:00+09:00
Next update at 18:10:00 (Wait 2951s)
[2026-05-08 18:10:00.318173] Weather updated: 2026-05-08T18:00:00+09:00
Next update at 19:10:00 (Wait 3599s)
[2026-05-08 19:10:00.329252] Weather updated: 2026-05-08T19:00:00+09:00
Next update at 20:10:00 (Wait 3599s)
[2026-05-08 20:10:00.185487] Weather updated: 2026-05-08T20:00:00+09:00
Next update at 21:10:00 (Wait 3599s)
[2026-05-08 21:10:01.324221] Weather updated: 2026-05-08T21:00:00+09:00
Next update at 22:10:00 (Wait 3598s)
[2026-05-08 22:10:01.383513] Weather updated: 2026-05-08T22:00:00+09:00
Next update at 23:10:00 (Wait 3598s)
[2026-05-08 23:10:00.263755] Weather updated: 2026-05-08T23:00:00+09:00
Next update at 00:10:00 (Wait 3599s)
[2026-05-09 00:10:00.476465] Weather updated: 2026-05-09T00:00:00+09:00
Next update at 01:10:00 (Wait 3599s)
[2026-05-09 01:10:00.332393] Weather updated: 2026-05-09T01:00:00+09:00
Next update at 02:10:00 (Wait 3599s)
[2026-05-09 02:10:00.330788] Weather updated: 2026-05-09T02:00:00+09:00
Next update at 03:10:00 (Wait 3599s)
[2026-05-09 03:10:00.366950] Weather updated: 2026-05-09T03:00:00+09:00
Next update at 04:10:00 (Wait 3599s)
[2026-05-09 04:10:00.323254] Weather updated: 2026-05-09T04:00:00+09:00
Next update at 05:10:00 (Wait 3599s)
[2026-05-09 05:10:05.661388] Weather updated: 2026-05-09T05:00:00+09:00
Next update at 06:10:00 (Wait 3594s)
[2026-05-09 06:10:00.446581] Weather updated: 2026-05-09T06:00:00+09:00
Next update at 07:10:00 (Wait 3599s)
[2026-05-09 07:10:00.739057] Weather updated: 2026-05-09T07:00:00+09:00
Next update at 08:10:00 (Wait 3599s)
[2026-05-09 08:10:00.660437] Weather updated: 2026-05-09T08:00:00+09:00
Next update at 09:10:00 (Wait 3599s)
[2026-05-09 09:10:00.565869] Weather updated: 2026-05-09T09:00:00+09:00
Next update at 10:10:00 (Wait 3599s)
[2026-05-09 10:10:00.369322] Weather updated: 2026-05-09T10:00:00+09:00
Next update at 11:10:00 (Wait 3599s)
[2026-05-09 11:10:00.474498] Weather updated: 2026-05-09T11:00:00+09:00
Next update at 12:10:00 (Wait 3599s)
[2026-05-09 12:10:00.381796] Weather updated: 2026-05-09T12:00:00+09:00
Next update at 13:10:00 (Wait 3599s)
[2026-05-09 13:10:00.386550] Weather updated: 2026-05-09T13:00:00+09:00
Next update at 14:10:00 (Wait 3599s)
[2026-05-09 14:10:04.079892] Weather updated: 2026-05-09T14:00:00+09:00
Next update at 15:10:00 (Wait 3595s)
[2026-05-09 15:10:05.316495] Weather updated: 2026-05-09T15:00:00+09:00
Next update at 16:10:00 (Wait 3594s)
[2026-05-09 16:10:00.425528] Weather updated: 2026-05-09T16:00:00+09:00
Next update at 17:10:00 (Wait 3599s)
[2026-05-09 17:10:00.612025] Weather updated: 2026-05-09T17:00:00+09:00
Next update at 18:10:00 (Wait 3599s)
[2026-05-09 18:10:00.832310] Weather updated: 2026-05-09T18:00:00+09:00
Next update at 19:10:00 (Wait 3599s)
[2026-05-09 19:10:00.561548] Weather updated: 2026-05-09T19:00:00+09:00
Next update at 20:10:00 (Wait 3599s)
[2026-05-09 20:10:00.767847] Weather updated: 2026-05-09T20:00:00+09:00
Next update at 21:10:00 (Wait 3599s)
[2026-05-09 21:10:00.701443] Weather updated: 2026-05-09T21:00:00+09:00
Next update at 22:10:00 (Wait 3599s)
[2026-05-09 22:10:00.855696] Weather updated: 2026-05-09T22:00:00+09:00
Next update at 23:10:00 (Wait 3599s)
[2026-05-09 23:10:00.564766] Weather updated: 2026-05-09T23:00:00+09:00
Next update at 00:10:00 (Wait 3599s)
[2026-05-10 00:10:00.665954] Weather updated: 2026-05-10T00:00:00+09:00
Next update at 01:10:00 (Wait 3599s)
[2026-05-10 01:10:00.568912] Fetch failed. Retry 1/3 in 60s...
[2026-05-10 01:11:01.192980] Fetch failed. Retry 2/3 in 60s...
[2026-05-10 01:12:01.415820] Fetch failed. Retry 3/3 in 60s...
[2026-05-10 01:13:01.427386] Weather data cleared due to fetch failure.
Next update at 02:10:00 (Wait 3418s)
[2026-05-10 02:10:00.508811] Weather updated: 2026-05-10T02:00:00+09:00
Next update at 03:10:00 (Wait 3599s)
[2026-05-10 03:10:00.490598] Weather updated: 2026-05-10T03:00:00+09:00
Next update at 04:10:00 (Wait 3599s)
[2026-05-10 04:10:00.496649] Weather updated: 2026-05-10T04:00:00+09:00
Next update at 05:10:00 (Wait 3599s)
[2026-05-10 05:10:00.516730] Weather updated: 2026-05-10T05:00:00+09:00
Next update at 06:10:00 (Wait 3599s)
[2026-05-10 06:10:00.404787] Weather updated: 2026-05-10T06:00:00+09:00
Next update at 07:10:00 (Wait 3599s)
[2026-05-10 07:10:00.711368] Weather updated: 2026-05-10T07:00:00+09:00
Next update at 08:10:00 (Wait 3599s)
[2026-05-10 08:10:00.417170] Weather updated: 2026-05-10T08:00:00+09:00
Next update at 09:10:00 (Wait 3599s)
[2026-05-10 09:10:00.570492] Weather updated: 2026-05-10T09:00:00+09:00
Next update at 10:10:00 (Wait 3599s)
[2026-05-10 10:10:00.428673] Weather updated: 2026-05-10T10:00:00+09:00
Next update at 11:10:00 (Wait 3599s)
[2026-05-10 11:10:00.578671] Weather updated: 2026-05-10T11:00:00+09:00
Next update at 12:10:00 (Wait 3599s)
[2026-05-10 12:10:00.673816] Weather updated: 2026-05-10T12:00:00+09:00
Next update at 13:10:00 (Wait 3599s)
[2026-05-10 13:10:00.602131] Weather updated: 2026-05-10T13:00:00+09:00
Next update at 14:10:00 (Wait 3599s)
[2026-05-10 14:10:00.738880] Weather updated: 2026-05-10T14:00:00+09:00
Next update at 15:10:00 (Wait 3599s)
[2026-05-10 15:10:00.904036] Weather updated: 2026-05-10T15:00:00+09:00
Next update at 16:10:00 (Wait 3599s)
[2026-05-10 16:10:00.474115] Weather updated: 2026-05-10T16:00:00+09:00
Next update at 17:10:00 (Wait 3599s)
[2026-05-10 17:10:00.598898] Weather updated: 2026-05-10T17:00:00+09:00
Next update at 18:10:00 (Wait 3599s)
[2026-05-10 18:10:00.386271] Weather updated: 2026-05-10T18:00:00+09:00
Next update at 19:10:00 (Wait 3599s)
[2026-05-10 19:10:00.494213] Weather updated: 2026-05-10T19:00:00+09:00
Next update at 20:10:00 (Wait 3599s)
[2026-05-10 20:10:00.602298] Weather updated: 2026-05-10T20:00:00+09:00
Next update at 21:10:00 (Wait 3599s)
[2026-05-10 21:10:00.808188] Weather updated: 2026-05-10T21:00:00+09:00
Next update at 22:10:00 (Wait 3599s)
[2026-05-10 22:10:00.416052] Weather updated: 2026-05-10T22:00:00+09:00
Next update at 23:10:00 (Wait 3599s)
[2026-05-10 23:10:00.516963] Weather updated: 2026-05-10T23:00:00+09:00
Next update at 00:10:00 (Wait 3599s)
[2026-05-11 00:10:00.575141] Weather updated: 2026-05-11T00:00:00+09:00
Next update at 01:10:00 (Wait 3599s)
[2026-05-11 01:10:00.431179] Weather updated: 2026-05-11T01:00:00+09:00
Next update at 02:10:00 (Wait 3599s)
[2026-05-11 02:10:00.442194] Weather updated: 2026-05-11T02:00:00+09:00
Next update at 03:10:00 (Wait 3599s)
[2026-05-11 03:10:00.350012] Weather updated: 2026-05-11T03:00:00+09:00
Next update at 04:10:00 (Wait 3599s)
[2026-05-11 04:10:00.378950] Weather updated: 2026-05-11T04:00:00+09:00
Next update at 05:10:00 (Wait 3599s)
[2026-05-11 05:10:00.447086] Fetch failed. Retry 1/3 in 60s...
[2026-05-11 05:11:00.901497] Fetch failed. Retry 2/3 in 60s...
[2026-05-11 05:12:01.178754] Fetch failed. Retry 3/3 in 60s...
[2026-05-11 05:13:01.190379] Weather data cleared due to fetch failure.
Next update at 06:10:00 (Wait 3418s)
[2026-05-11 06:10:01.722862] Weather updated: 2026-05-11T06:00:00+09:00
Next update at 07:10:00 (Wait 3598s)
[2026-05-11 07:10:00.364214] Weather updated: 2026-05-11T07:00:00+09:00
Next update at 08:10:00 (Wait 3599s)
[2026-05-11 08:10:00.515675] Weather updated: 2026-05-11T08:00:00+09:00
Next update at 09:10:00 (Wait 3599s)
[2026-05-11 09:10:00.688718] Weather updated: 2026-05-11T09:00:00+09:00
Next update at 10:10:00 (Wait 3599s)
[2026-05-11 10:10:00.594425] Weather updated: 2026-05-11T10:00:00+09:00
Next update at 11:10:00 (Wait 3599s)
[2026-05-11 11:10:00.692919] Fetch failed. Retry 1/3 in 60s...
[2026-05-11 11:11:01.235129] Weather updated: 2026-05-11T11:00:00+09:00
Next update at 12:10:00 (Wait 3538s)
[2026-05-11 12:10:02.270055] Weather updated: 2026-05-11T12:00:00+09:00
Next update at 13:10:00 (Wait 3597s)
[2026-05-11 13:10:00.307744] Weather updated: 2026-05-11T13:00:00+09:00
Next update at 14:10:00 (Wait 3599s)
[2026-05-11 14:10:05.427656] Weather updated: 2026-05-11T14:00:00+09:00
Next update at 15:10:00 (Wait 3594s)
[2026-05-11 15:10:00.364540] Weather updated: 2026-05-11T15:00:00+09:00